Modules list:
-------------
CFDRIVER.S.o:
    BSS               Offs=000000  Size=000004  Align=00001  Fill=0000
    DATA              Offs=000000  Size=000002  Align=00001  Fill=0000
    ZEROPAGE          Offs=000000  Size=000002  Align=00001  Fill=0000
    LOWCODE           Offs=000000  Size=0000CC  Align=00001  Fill=0000
FAT.S.o:
    BSS               Offs=000004  Size=000051  Align=00001  Fill=0000
    DATA              Offs=000002  Size=000015  Align=00001  Fill=0000
    LOWCODE           Offs=0000CC  Size=0004D5  Align=00001  Fill=0000
INFO.S.o:
    INFO              Offs=000000  Size=000006  Align=00001  Fill=0000
MAIN.S.o:
    CODE              Offs=000000  Size=000048  Align=00001  Fill=0000
    DATA              Offs=000017  Size=00000C  Align=00001  Fill=0000
MATH_32.S.o:
    BSS               Offs=000055  Size=000010  Align=00001  Fill=0000
    ZEROPAGE          Offs=000002  Size=000008  Align=00001  Fill=0000
    LOWCODE           Offs=0005A1  Size=000100  Align=00001  Fill=0000
MOVE.S.o:
    CODE              Offs=000048  Size=000049  Align=00001  Fill=0000
    ZEROPAGE          Offs=00000A  Size=000006  Align=00001  Fill=0000
    LOWCODE           Offs=0006A1  Size=000027  Align=00001  Fill=0000
STARTUP.S.o:
    STARTUP           Offs=000000  Size=00008B  Align=00001  Fill=0000
VECTORS.S.o:
    VECTORTABLE       Offs=000000  Size=000020  Align=00001  Fill=0000
    VECTORS           Offs=000000  Size=000006  Align=00001  Fill=0000


Segment list:
-------------
Name                   Start     End    Size  Align
----------------------------------------------------
ZEROPAGE              000000  00000F  000010  00001
VECTORTABLE           000200  00021F  000020  00001
LOWCODE               000300  0009C7  0006C8  00001
DATA                  0009C8  0009EA  000023  00001
BSS                   0009EB  000A4F  000065  00001
STARTUP               00F000  00F08A  00008B  00001
CODE                  00F08B  00F11B  000091  00001
INFO                  00FFF0  00FFF5  000006  00001
VECTORS               00FFFA  00FFFF  000006  00001


Exports list by name:
---------------------
BRK_VECTOR                00023C RLA    CF_BUFFER                 0009C8 RLA    
CF_BUFFERPOINTER          000000 RLZ    CF_INIT                   000300 RLA    
CF_LBA                    0009EB RLA    CF_READ_SECTOR            0003BF RLA    
FAT_ERROR                 00089F RLA    FAT_FIND                  00063B RLA    
FAT_INIT                  0003CC RLA    FAT_LOAD                  0006DC RLA    
FAT_STATUS                000A3F RLA    FILEDEST                  000A33 RLA    
FILENAME                  0009CA RLA    M32PTR1                   000002 RLZ    
M32PTR2                   000004 RLZ    M32PTR3                   000006 RLZ    
M32PTR4                   000008 RLZ    MATH_ADD32                0008A1 RLA    
MATH_DIV32                000924 RLA    MATH_MUL32                0008CF RLA    
MATH_SUB32                0008B8 RLA    MOVEDOWN                  0009A1 RLA    
MOVE_FROM                 00000A RLZ    MOVE_SIZE                 00000E RLZ    
MOVE_TO                   00000C RLZ    ROM_MOVEDOWN              00F0D3 RLA    
XMICRO_MEMORY             001100 REA    ZERO_FILL                 00F0FA RLA    
_INIT                     00F000 RLA    _MAIN                     00F08B RLA    
__BANK0_START__           004000 RLA    __BSS_RUN__               0009EB RLA    
__BSS_SIZE__              000065 REA    __DATA_LOAD__             00F804 RLA    
__DATA_RUN__              0009C8 RLA    __DATA_SIZE__             000023 REA    
__LOWCODE_LOAD__          00F13C RLA    __LOWCODE_RUN__           000300 RLA    
__LOWCODE_SIZE__          0006C8 REA    __VECTORTABLE_LOAD__      00F11C RLA    
__VECTORTABLE_RUN__       000200 RLA    __VECTORTABLE_SIZE__      000020 REA    



Exports list by value:
----------------------
CF_BUFFERPOINTER          000000 RLZ    M32PTR1                   000002 RLZ    
M32PTR2                   000004 RLZ    M32PTR3                   000006 RLZ    
M32PTR4                   000008 RLZ    MOVE_FROM                 00000A RLZ    
MOVE_TO                   00000C RLZ    MOVE_SIZE                 00000E RLZ    
__VECTORTABLE_SIZE__      000020 REA    __DATA_SIZE__             000023 REA    
__BSS_SIZE__              000065 REA    __VECTORTABLE_RUN__       000200 RLA    
BRK_VECTOR                00023C RLA    CF_INIT                   000300 RLA    
__LOWCODE_RUN__           000300 RLA    CF_READ_SECTOR            0003BF RLA    
FAT_INIT                  0003CC RLA    FAT_FIND                  00063B RLA    
__LOWCODE_SIZE__          0006C8 REA    FAT_LOAD                  0006DC RLA    
FAT_ERROR                 00089F RLA    MATH_ADD32                0008A1 RLA    
MATH_SUB32                0008B8 RLA    MATH_MUL32                0008CF RLA    
MATH_DIV32                000924 RLA    MOVEDOWN                  0009A1 RLA    
CF_BUFFER                 0009C8 RLA    __DATA_RUN__              0009C8 RLA    
FILENAME                  0009CA RLA    CF_LBA                    0009EB RLA    
__BSS_RUN__               0009EB RLA    FILEDEST                  000A33 RLA    
FAT_STATUS                000A3F RLA    XMICRO_MEMORY             001100 REA    
__BANK0_START__           004000 RLA    _INIT                     00F000 RLA    
_MAIN                     00F08B RLA    ROM_MOVEDOWN              00F0D3 RLA    
ZERO_FILL                 00F0FA RLA    __VECTORTABLE_LOAD__      00F11C RLA    
__LOWCODE_LOAD__          00F13C RLA    __DATA_LOAD__             00F804 RLA    



Imports list:
-------------
BRK_VECTOR (VECTORS.S.o):
    STARTUP.S.o               ./VECTORS.MAC(11)
CF_BUFFER (CFDRIVER.S.o):
    FAT.S.o                   ./CFDRIVER.MAC(12)
CF_BUFFERPOINTER (CFDRIVER.S.o):
    FAT.S.o                   ./CFDRIVER.MAC(11)
CF_INIT (CFDRIVER.S.o):
    STARTUP.S.o               ./CFDRIVER.MAC(10)
CF_LBA (CFDRIVER.S.o):
    FAT.S.o                   ./CFDRIVER.MAC(12)
CF_READ_SECTOR (CFDRIVER.S.o):
    FAT.S.o                   ./CFDRIVER.MAC(10)
FAT_ERROR (FAT.S.o):
    MAIN.S.o                  ./FAT.MAC(14)
FAT_FIND (FAT.S.o):
    MAIN.S.o                  ./FAT.MAC(13)
FAT_INIT (FAT.S.o):
    STARTUP.S.o               ./FAT.MAC(13)
FAT_LOAD (FAT.S.o):
    MAIN.S.o                  ./FAT.MAC(13)
FAT_STATUS (FAT.S.o):
    STARTUP.S.o               ./FAT.MAC(14)
    MAIN.S.o                  ./FAT.MAC(14)
FILEDEST (FAT.S.o):
    MAIN.S.o                  ./FAT.MAC(14)
FILENAME (FAT.S.o):
    MAIN.S.o                  ./FAT.MAC(14)
M32PTR1 (MATH_32.S.o):
    FAT.S.o                   ./MATH_32.MAC(11)
M32PTR2 (MATH_32.S.o):
    FAT.S.o                   ./MATH_32.MAC(11)
M32PTR3 (MATH_32.S.o):
    FAT.S.o                   ./MATH_32.MAC(11)
M32PTR4 (MATH_32.S.o):
    FAT.S.o                   ./MATH_32.MAC(11)
MATH_ADD32 (MATH_32.S.o):
    FAT.S.o                   ./MATH_32.MAC(10)
MATH_DIV32 (MATH_32.S.o):
    FAT.S.o                   ./MATH_32.MAC(10)
MATH_MUL32 (MATH_32.S.o):
    FAT.S.o                   ./MATH_32.MAC(10)
MATH_SUB32 (MATH_32.S.o):
    FAT.S.o                   ./MATH_32.MAC(10)
MOVEDOWN (MOVE.S.o):
    MAIN.S.o                  ./MOVE.MAC(10)
    FAT.S.o                   ./MOVE.MAC(10)
MOVE_FROM (MOVE.S.o):
    STARTUP.S.o               ./MOVE.MAC(11)
    MAIN.S.o                  ./MOVE.MAC(11)
    FAT.S.o                   ./MOVE.MAC(11)
MOVE_SIZE (MOVE.S.o):
    STARTUP.S.o               ./MOVE.MAC(11)
    MAIN.S.o                  ./MOVE.MAC(11)
    FAT.S.o                   ./MOVE.MAC(11)
MOVE_TO (MOVE.S.o):
    STARTUP.S.o               ./MOVE.MAC(11)
    MAIN.S.o                  ./MOVE.MAC(11)
    FAT.S.o                   ./MOVE.MAC(11)
ROM_MOVEDOWN (MOVE.S.o):
    STARTUP.S.o               ./MOVE.MAC(10)
XMICRO_MEMORY (STARTUP.S.o):
    CFDRIVER.S.o              ./CFDRIVER.S(35)
ZERO_FILL (MOVE.S.o):
    STARTUP.S.o               ./MOVE.MAC(10)
_INIT (STARTUP.S.o):
    VECTORS.S.o               ./VECTORS.S(6)
_MAIN (MAIN.S.o):
    STARTUP.S.o               ./STARTUP.S(21)
__BANK0_START__ ([linker generated]):
    MAIN.S.o                  ./MAIN.S(11)
__BSS_RUN__ ([linker generated]):
    STARTUP.S.o               ./STARTUP.S(20)
__BSS_SIZE__ ([linker generated]):
    STARTUP.S.o               ./STARTUP.S(20)
__DATA_LOAD__ ([linker generated]):
    STARTUP.S.o               ./STARTUP.S(19)
__DATA_RUN__ ([linker generated]):
    STARTUP.S.o               ./STARTUP.S(19)
__DATA_SIZE__ ([linker generated]):
    STARTUP.S.o               ./STARTUP.S(19)
__LOWCODE_LOAD__ ([linker generated]):
    STARTUP.S.o               ./STARTUP.S(18)
__LOWCODE_RUN__ ([linker generated]):
    STARTUP.S.o               ./STARTUP.S(18)
__LOWCODE_SIZE__ ([linker generated]):
    STARTUP.S.o               ./STARTUP.S(18)
__VECTORTABLE_LOAD__ ([linker generated]):
    STARTUP.S.o               ./VECTORS.MAC(10)
__VECTORTABLE_RUN__ ([linker generated]):
    STARTUP.S.o               ./VECTORS.MAC(10)
__VECTORTABLE_SIZE__ ([linker generated]):
    STARTUP.S.o               ./VECTORS.MAC(10)

