Modules list:
-------------
MAIN.S.o:
    CODE              Offs=000000  Size=00005B  Align=00001  Fill=0000
    RODATA            Offs=000000  Size=000882  Align=00001  Fill=0000
    ZEROPAGE          Offs=000000  Size=000008  Align=00001  Fill=0000
    STARTUP           Offs=000000  Size=000119  Align=00001  Fill=0000
XM7SEG.S.o:
    CODE              Offs=00005B  Size=000055  Align=00001  Fill=0000
    BSS               Offs=000000  Size=000004  Align=00001  Fill=0000
    ZEROPAGE          Offs=000008  Size=000002  Align=00001  Fill=0000


Segment list:
-------------
Name                   Start     End    Size  Align
----------------------------------------------------
ZEROPAGE              000000  000009  00000A  00001
STARTUP               008000  008118  000119  00001
CODE                  008119  0081C8  0000B0  00001
RODATA                0081C9  008A4A  000882  00001
BSS                   008A4B  008A4E  000004  00001


Exports list by name:
---------------------
XM7SEG_BUFFER             008A4B RLA    XM7SEG_INIT               008174 RLA    
XM7SEG_WRITE              0081BE RLA    


Exports list by value:
----------------------
XM7SEG_INIT               008174 RLA    XM7SEG_WRITE              0081BE RLA    
XM7SEG_BUFFER             008A4B RLA    


Imports list:
-------------
XM7SEG_BUFFER (XM7SEG.S.o):
    MAIN.S.o                  ./XM7SEG.MAC(11)
XM7SEG_INIT (XM7SEG.S.o):
    MAIN.S.o                  ./XM7SEG.MAC(10)
XM7SEG_WRITE (XM7SEG.S.o):
    MAIN.S.o                  ./XM7SEG.MAC(10)

